--------------------------------------------------------------------------------
Release 14.7 Trace  (nt64)
Copyright (c) 1995-2013 Xilinx, Inc.  All rights reserved.

C:\Xilinx\14.7\ISE_DS\ISE\bin\nt64\unwrapped\trce.exe -intstyle ise -o
mojo_top_0.twr -v 30 -l 30 mojo_top_0_routed.ncd mojo_top_0.pcf

Design file:              mojo_top_0_routed.ncd
Physical constraint file: mojo_top_0.pcf
Device,package,speed:     xc6slx9,tqg144,C,-2 (PRODUCTION 1.23 2013-10-13)
Report level:             verbose report, limited to 30 items per constraint

Environment Variable      Effect 
--------------------      ------ 
NONE                      No environment variables were set
--------------------------------------------------------------------------------

INFO:Timing:3412 - To improve timing, see the Timing Closure User Guide (UG612).
INFO:Timing:2752 - To get complete path coverage, use the unconstrained paths 
   option. All paths that are not constrained will be reported in the 
   unconstrained paths section(s) of the report.
INFO:Timing:3339 - The clock-to-out numbers in this timing report are based on 
   a 50 Ohm transmission line loading model.  For the details of this model, 
   and for more information on accounting for different loading conditions, 
   please see the device datasheet.

================================================================================
Timing constraint: TS_clk = PERIOD TIMEGRP "clk" 50 MHz HIGH 50%;
For more information, see Period Analysis in the Timing Closure User Guide (UG612).

 52209 paths analyzed, 2550 endpoints analyzed, 0 failing endpoints
 0 timing errors detected. (0 setup errors, 0 hold errors, 0 component switching limit errors)
 Minimum period is  10.046ns.
--------------------------------------------------------------------------------
Slack:                  9.954ns (requirement - (data path - clock path skew + uncertainty))
  Source:               gameLogic/M_p1PositionY_q_2_2 (FF)
  Destination:          M_p2Score_q_2 (FF)
  Requirement:          20.000ns
  Data Path Delay:      9.960ns (Levels of Logic = 5)
  Clock Path Skew:      -0.051ns (0.596 - 0.647)
  Source Clock:         clk_IBUF_BUFG rising at 0.000ns
  Destination Clock:    clk_IBUF_BUFG rising at 20.000ns
  Clock Uncertainty:    0.035ns

  Clock Uncertainty:          0.035ns  ((TSJ^2 + TIJ^2)^1/2 + DJ) / 2 + PE
    Total System Jitter (TSJ):  0.070ns
    Total Input Jitter (TIJ):   0.000ns
    Discrete Jitter (DJ):       0.000ns
    Phase Error (PE):           0.000ns

  Maximum Data Path at Slow Process Corner: gameLogic/M_p1PositionY_q_2_2 to M_p2Score_q_2
    Location             Delay type         Delay(ns)  Physical Resource
                                                       Logical Resource(s)
    -------------------------------------------------  -------------------
    SLICE_X9Y21.DQ       Tcko                  0.430   gameLogic/M_p1PositionY_q_2_2
                                                       gameLogic/M_p1PositionY_q_2_2
    SLICE_X6Y36.CX       net (fanout=16)       2.494   gameLogic/M_p1PositionY_q_2_2
    SLICE_X6Y36.CMUX     Tcxc                  0.192   gameLogic/Sh17887
                                                       gameLogic/Sh17887
    SLICE_X3Y27.D2       net (fanout=1)        1.725   gameLogic/Sh17887
    SLICE_X3Y27.D        Tilo                  0.259   gameLogic/Sh178810
                                                       gameLogic/Sh178810
    SLICE_X3Y27.A3       net (fanout=1)        0.359   gameLogic/Sh178810
    SLICE_X3Y27.A        Tilo                  0.259   gameLogic/Sh178810
                                                       gameLogic/Sh178821
    SLICE_X21Y25.A1      net (fanout=1)        2.412   gameLogic/Sh178821
    SLICE_X21Y25.A       Tilo                  0.259   M_p2Score_q[2]
                                                       gameLogic/Sh178885
    SLICE_X21Y25.D4      net (fanout=5)        1.198   gameLogic/Sh1788
    SLICE_X21Y25.CLK     Tas                   0.373   M_p2Score_q[2]
                                                       gameLogic/Mmux_p2ScoreOut61
                                                       M_p2Score_q_2
    -------------------------------------------------  ---------------------------
    Total                                      9.960ns (1.772ns logic, 8.188ns route)
                                                       (17.8% logic, 82.2% route)

--------------------------------------------------------------------------------
Slack:                  10.095ns (requirement - (data path - clock path skew + uncertainty))
  Source:               gameLogic/M_p2PositionY_q_2 (FF)
  Destination:          gameLogic/M_playing_q (FF)
  Requirement:          20.000ns
  Data Path Delay:      9.805ns (Levels of Logic = 5)
  Clock Path Skew:      -0.065ns (0.689 - 0.754)
  Source Clock:         clk_IBUF_BUFG rising at 0.000ns
  Destination Clock:    clk_IBUF_BUFG rising at 20.000ns
  Clock Uncertainty:    0.035ns

  Clock Uncertainty:          0.035ns  ((TSJ^2 + TIJ^2)^1/2 + DJ) / 2 + PE
    Total System Jitter (TSJ):  0.070ns
    Total Input Jitter (TIJ):   0.000ns
    Discrete Jitter (DJ):       0.000ns
    Phase Error (PE):           0.000ns

  Maximum Data Path at Slow Process Corner: gameLogic/M_p2PositionY_q_2 to gameLogic/M_playing_q
    Location             Delay type         Delay(ns)  Physical Resource
                                                       Logical Resource(s)
    -------------------------------------------------  -------------------
    SLICE_X6Y33.AMUX     Tshcko                0.535   gameLogic/M_p2PositionY_q[3]
                                                       gameLogic/M_p2PositionY_q_2
    SLICE_X0Y21.CX       net (fanout=85)       2.732   gameLogic/M_p2PositionY_q[2]
    SLICE_X0Y21.CMUX     Tcxc                  0.182   gameLogic/M_p2PositionY_q[3]_Decoder_103_OUT<107><7>2
                                                       gameLogic/Sh383253
    SLICE_X2Y22.A1       net (fanout=1)        0.944   gameLogic/Sh383253
    SLICE_X2Y22.A        Tilo                  0.235   gameLogic/Sh383257
                                                       gameLogic/Sh383257
    SLICE_X6Y31.A2       net (fanout=1)        1.751   gameLogic/Sh383257
    SLICE_X6Y31.A        Tilo                  0.235   gameLogic/Sh383247
                                                       gameLogic/Sh383263
    SLICE_X20Y29.A5      net (fanout=1)        1.628   gameLogic/Sh383263
    SLICE_X20Y29.A       Tilo                  0.254   M_p1Score_q[2]
                                                       gameLogic/Sh383285
    SLICE_X15Y30.B4      net (fanout=5)        0.936   gameLogic/Sh3832
    SLICE_X15Y30.CLK     Tas                   0.373   gameLogic/M_playing_q
                                                       gameLogic/M_playing_q_glue_set
                                                       gameLogic/M_playing_q
    -------------------------------------------------  ---------------------------
    Total                                      9.805ns (1.814ns logic, 7.991ns route)
                                                       (18.5% logic, 81.5% route)

--------------------------------------------------------------------------------
Slack:                  10.128ns (requirement - (data path - clock path skew + uncertainty))
  Source:               M_first_q_0_7 (FF)
  Destination:          M_p2Score_q_2 (FF)
  Requirement:          20.000ns
  Data Path Delay:      9.781ns (Levels of Logic = 5)
  Clock Path Skew:      -0.056ns (0.596 - 0.652)
  Source Clock:         clk_IBUF_BUFG rising at 0.000ns
  Destination Clock:    clk_IBUF_BUFG rising at 20.000ns
  Clock Uncertainty:    0.035ns

  Clock Uncertainty:          0.035ns  ((TSJ^2 + TIJ^2)^1/2 + DJ) / 2 + PE
    Total System Jitter (TSJ):  0.070ns
    Total Input Jitter (TIJ):   0.000ns
    Discrete Jitter (DJ):       0.000ns
    Phase Error (PE):           0.000ns

  Maximum Data Path at Slow Process Corner: M_first_q_0_7 to M_p2Score_q_2
    Location             Delay type         Delay(ns)  Physical Resource
                                                       Logical Resource(s)
    -------------------------------------------------  -------------------
    SLICE_X6Y25.CQ       Tcko                  0.476   M_first_q_0_8
                                                       M_first_q_0_7
    SLICE_X6Y36.D4       net (fanout=14)       2.059   M_first_q_0_7
    SLICE_X6Y36.CMUX     Topdc                 0.402   gameLogic/Sh17887
                                                       gameLogic/Sh17887_F
                                                       gameLogic/Sh17887
    SLICE_X3Y27.D2       net (fanout=1)        1.725   gameLogic/Sh17887
    SLICE_X3Y27.D        Tilo                  0.259   gameLogic/Sh178810
                                                       gameLogic/Sh178810
    SLICE_X3Y27.A3       net (fanout=1)        0.359   gameLogic/Sh178810
    SLICE_X3Y27.A        Tilo                  0.259   gameLogic/Sh178810
                                                       gameLogic/Sh178821
    SLICE_X21Y25.A1      net (fanout=1)        2.412   gameLogic/Sh178821
    SLICE_X21Y25.A       Tilo                  0.259   M_p2Score_q[2]
                                                       gameLogic/Sh178885
    SLICE_X21Y25.D4      net (fanout=5)        1.198   gameLogic/Sh1788
    SLICE_X21Y25.CLK     Tas                   0.373   M_p2Score_q[2]
                                                       gameLogic/Mmux_p2ScoreOut61
                                                       M_p2Score_q_2
    -------------------------------------------------  ---------------------------
    Total                                      9.781ns (2.028ns logic, 7.753ns route)
                                                       (20.7% logic, 79.3% route)

--------------------------------------------------------------------------------
Slack:                  10.179ns (requirement - (data path - clock path skew + uncertainty))
  Source:               gameLogic/M_p1PositionY_q_2_2 (FF)
  Destination:          M_p2Score_q_2 (FF)
  Requirement:          20.000ns
  Data Path Delay:      9.735ns (Levels of Logic = 5)
  Clock Path Skew:      -0.051ns (0.596 - 0.647)
  Source Clock:         clk_IBUF_BUFG rising at 0.000ns
  Destination Clock:    clk_IBUF_BUFG rising at 20.000ns
  Clock Uncertainty:    0.035ns

  Clock Uncertainty:          0.035ns  ((TSJ^2 + TIJ^2)^1/2 + DJ) / 2 + PE
    Total System Jitter (TSJ):  0.070ns
    Total Input Jitter (TIJ):   0.000ns
    Discrete Jitter (DJ):       0.000ns
    Phase Error (PE):           0.000ns

  Maximum Data Path at Slow Process Corner: gameLogic/M_p1PositionY_q_2_2 to M_p2Score_q_2
    Location             Delay type         Delay(ns)  Physical Resource
                                                       Logical Resource(s)
    -------------------------------------------------  -------------------
    SLICE_X9Y21.DQ       Tcko                  0.430   gameLogic/M_p1PositionY_q_2_2
                                                       gameLogic/M_p1PositionY_q_2_2
    SLICE_X4Y36.CX       net (fanout=16)       2.133   gameLogic/M_p1PositionY_q_2_2
    SLICE_X4Y36.CMUX     Tcxc                  0.182   gameLogic/Sh17882
                                                       gameLogic/Sh17882
    SLICE_X3Y27.C4       net (fanout=1)        1.688   gameLogic/Sh17882
    SLICE_X3Y27.C        Tilo                  0.259   gameLogic/Sh178810
                                                       gameLogic/Sh17885
    SLICE_X3Y27.A2       net (fanout=1)        0.542   gameLogic/Sh17885
    SLICE_X3Y27.A        Tilo                  0.259   gameLogic/Sh178810
                                                       gameLogic/Sh178821
    SLICE_X21Y25.A1      net (fanout=1)        2.412   gameLogic/Sh178821
    SLICE_X21Y25.A       Tilo                  0.259   M_p2Score_q[2]
                                                       gameLogic/Sh178885
    SLICE_X21Y25.D4      net (fanout=5)        1.198   gameLogic/Sh1788
    SLICE_X21Y25.CLK     Tas                   0.373   M_p2Score_q[2]
                                                       gameLogic/Mmux_p2ScoreOut61
                                                       M_p2Score_q_2
    -------------------------------------------------  ---------------------------
    Total                                      9.735ns (1.762ns logic, 7.973ns route)
                                                       (18.1% logic, 81.9% route)

--------------------------------------------------------------------------------
Slack:                  10.184ns (requirement - (data path - clock path skew + uncertainty))
  Source:               gameLogic/M_p1PositionY_q_2_2 (FF)
  Destination:          gameLogic/M_playing_q (FF)
  Requirement:          20.000ns
  Data Path Delay:      9.735ns (Levels of Logic = 5)
  Clock Path Skew:      -0.046ns (0.601 - 0.647)
  Source Clock:         clk_IBUF_BUFG rising at 0.000ns
  Destination Clock:    clk_IBUF_BUFG rising at 20.000ns
  Clock Uncertainty:    0.035ns

  Clock Uncertainty:          0.035ns  ((TSJ^2 + TIJ^2)^1/2 + DJ) / 2 + PE
    Total System Jitter (TSJ):  0.070ns
    Total Input Jitter (TIJ):   0.000ns
    Discrete Jitter (DJ):       0.000ns
    Phase Error (PE):           0.000ns

  Maximum Data Path at Slow Process Corner: gameLogic/M_p1PositionY_q_2_2 to gameLogic/M_playing_q
    Location             Delay type         Delay(ns)  Physical Resource
                                                       Logical Resource(s)
    -------------------------------------------------  -------------------
    SLICE_X9Y21.DQ       Tcko                  0.430   gameLogic/M_p1PositionY_q_2_2
                                                       gameLogic/M_p1PositionY_q_2_2
    SLICE_X6Y36.CX       net (fanout=16)       2.494   gameLogic/M_p1PositionY_q_2_2
    SLICE_X6Y36.CMUX     Tcxc                  0.192   gameLogic/Sh17887
                                                       gameLogic/Sh17887
    SLICE_X3Y27.D2       net (fanout=1)        1.725   gameLogic/Sh17887
    SLICE_X3Y27.D        Tilo                  0.259   gameLogic/Sh178810
                                                       gameLogic/Sh178810
    SLICE_X3Y27.A3       net (fanout=1)        0.359   gameLogic/Sh178810
    SLICE_X3Y27.A        Tilo                  0.259   gameLogic/Sh178810
                                                       gameLogic/Sh178821
    SLICE_X21Y25.A1      net (fanout=1)        2.412   gameLogic/Sh178821
    SLICE_X21Y25.A       Tilo                  0.259   M_p2Score_q[2]
                                                       gameLogic/Sh178885
    SLICE_X15Y30.B6      net (fanout=5)        0.973   gameLogic/Sh1788
    SLICE_X15Y30.CLK     Tas                   0.373   gameLogic/M_playing_q
                                                       gameLogic/M_playing_q_glue_set
                                                       gameLogic/M_playing_q
    -------------------------------------------------  ---------------------------
    Total                                      9.735ns (1.772ns logic, 7.963ns route)
                                                       (18.2% logic, 81.8% route)

--------------------------------------------------------------------------------
Slack:                  10.255ns (requirement - (data path - clock path skew + uncertainty))
  Source:               M_first_q_0_7 (FF)
  Destination:          M_p2Score_q_2 (FF)
  Requirement:          20.000ns
  Data Path Delay:      9.654ns (Levels of Logic = 5)
  Clock Path Skew:      -0.056ns (0.596 - 0.652)
  Source Clock:         clk_IBUF_BUFG rising at 0.000ns
  Destination Clock:    clk_IBUF_BUFG rising at 20.000ns
  Clock Uncertainty:    0.035ns

  Clock Uncertainty:          0.035ns  ((TSJ^2 + TIJ^2)^1/2 + DJ) / 2 + PE
    Total System Jitter (TSJ):  0.070ns
    Total Input Jitter (TIJ):   0.000ns
    Discrete Jitter (DJ):       0.000ns
    Phase Error (PE):           0.000ns

  Maximum Data Path at Slow Process Corner: M_first_q_0_7 to M_p2Score_q_2
    Location             Delay type         Delay(ns)  Physical Resource
                                                       Logical Resource(s)
    -------------------------------------------------  -------------------
    SLICE_X6Y25.CQ       Tcko                  0.476   M_first_q_0_8
                                                       M_first_q_0_7
    SLICE_X4Y36.C5       net (fanout=14)       1.758   M_first_q_0_7
    SLICE_X4Y36.CMUX     Tilo                  0.430   gameLogic/Sh17882
                                                       gameLogic/Sh17882_G
                                                       gameLogic/Sh17882
    SLICE_X3Y27.C4       net (fanout=1)        1.688   gameLogic/Sh17882
    SLICE_X3Y27.C        Tilo                  0.259   gameLogic/Sh178810
                                                       gameLogic/Sh17885
    SLICE_X3Y27.A2       net (fanout=1)        0.542   gameLogic/Sh17885
    SLICE_X3Y27.A        Tilo                  0.259   gameLogic/Sh178810
                                                       gameLogic/Sh178821
    SLICE_X21Y25.A1      net (fanout=1)        2.412   gameLogic/Sh178821
    SLICE_X21Y25.A       Tilo                  0.259   M_p2Score_q[2]
                                                       gameLogic/Sh178885
    SLICE_X21Y25.D4      net (fanout=5)        1.198   gameLogic/Sh1788
    SLICE_X21Y25.CLK     Tas                   0.373   M_p2Score_q[2]
                                                       gameLogic/Mmux_p2ScoreOut61
                                                       M_p2Score_q_2
    -------------------------------------------------  ---------------------------
    Total                                      9.654ns (2.056ns logic, 7.598ns route)
                                                       (21.3% logic, 78.7% route)

--------------------------------------------------------------------------------
Slack:                  10.266ns (requirement - (data path - clock path skew + uncertainty))
  Source:               M_first_q_0_7 (FF)
  Destination:          M_p2Score_q_2 (FF)
  Requirement:          20.000ns
  Data Path Delay:      9.643ns (Levels of Logic = 5)
  Clock Path Skew:      -0.056ns (0.596 - 0.652)
  Source Clock:         clk_IBUF_BUFG rising at 0.000ns
  Destination Clock:    clk_IBUF_BUFG rising at 20.000ns
  Clock Uncertainty:    0.035ns

  Clock Uncertainty:          0.035ns  ((TSJ^2 + TIJ^2)^1/2 + DJ) / 2 + PE
    Total System Jitter (TSJ):  0.070ns
    Total Input Jitter (TIJ):   0.000ns
    Discrete Jitter (DJ):       0.000ns
    Phase Error (PE):           0.000ns

  Maximum Data Path at Slow Process Corner: M_first_q_0_7 to M_p2Score_q_2
    Location             Delay type         Delay(ns)  Physical Resource
                                                       Logical Resource(s)
    -------------------------------------------------  -------------------
    SLICE_X6Y25.CQ       Tcko                  0.476   M_first_q_0_8
                                                       M_first_q_0_7
    SLICE_X6Y36.C6       net (fanout=14)       1.920   M_first_q_0_7
    SLICE_X6Y36.CMUX     Tilo                  0.403   gameLogic/Sh17887
                                                       gameLogic/Sh17887_G
                                                       gameLogic/Sh17887
    SLICE_X3Y27.D2       net (fanout=1)        1.725   gameLogic/Sh17887
    SLICE_X3Y27.D        Tilo                  0.259   gameLogic/Sh178810
                                                       gameLogic/Sh178810
    SLICE_X3Y27.A3       net (fanout=1)        0.359   gameLogic/Sh178810
    SLICE_X3Y27.A        Tilo                  0.259   gameLogic/Sh178810
                                                       gameLogic/Sh178821
    SLICE_X21Y25.A1      net (fanout=1)        2.412   gameLogic/Sh178821
    SLICE_X21Y25.A       Tilo                  0.259   M_p2Score_q[2]
                                                       gameLogic/Sh178885
    SLICE_X21Y25.D4      net (fanout=5)        1.198   gameLogic/Sh1788
    SLICE_X21Y25.CLK     Tas                   0.373   M_p2Score_q[2]
                                                       gameLogic/Mmux_p2ScoreOut61
                                                       M_p2Score_q_2
    -------------------------------------------------  ---------------------------
    Total                                      9.643ns (2.029ns logic, 7.614ns route)
                                                       (21.0% logic, 79.0% route)

--------------------------------------------------------------------------------
Slack:                  10.324ns (requirement - (data path - clock path skew + uncertainty))
  Source:               gameLogic/M_p2PositionY_q_3_1 (FF)
  Destination:          gameLogic/M_playing_q (FF)
  Requirement:          20.000ns
  Data Path Delay:      9.584ns (Levels of Logic = 5)
  Clock Path Skew:      -0.057ns (0.689 - 0.746)
  Source Clock:         clk_IBUF_BUFG rising at 0.000ns
  Destination Clock:    clk_IBUF_BUFG rising at 20.000ns
  Clock Uncertainty:    0.035ns

  Clock Uncertainty:          0.035ns  ((TSJ^2 + TIJ^2)^1/2 + DJ) / 2 + PE
    Total System Jitter (TSJ):  0.070ns
    Total Input Jitter (TIJ):   0.000ns
    Discrete Jitter (DJ):       0.000ns
    Phase Error (PE):           0.000ns

  Maximum Data Path at Slow Process Corner: gameLogic/M_p2PositionY_q_3_1 to gameLogic/M_playing_q
    Location             Delay type         Delay(ns)  Physical Resource
                                                       Logical Resource(s)
    -------------------------------------------------  -------------------
    SLICE_X8Y32.AQ       Tcko                  0.525   gameLogic/M_p2PositionY_q_3_4
                                                       gameLogic/M_p2PositionY_q_3_1
    SLICE_X0Y21.D2       net (fanout=20)       2.247   gameLogic/M_p2PositionY_q_3_1
    SLICE_X0Y21.CMUX     Topdc                 0.456   gameLogic/M_p2PositionY_q[3]_Decoder_103_OUT<107><7>2
                                                       gameLogic/Sh383253_F
                                                       gameLogic/Sh383253
    SLICE_X2Y22.A1       net (fanout=1)        0.944   gameLogic/Sh383253
    SLICE_X2Y22.A        Tilo                  0.235   gameLogic/Sh383257
                                                       gameLogic/Sh383257
    SLICE_X6Y31.A2       net (fanout=1)        1.751   gameLogic/Sh383257
    SLICE_X6Y31.A        Tilo                  0.235   gameLogic/Sh383247
                                                       gameLogic/Sh383263
    SLICE_X20Y29.A5      net (fanout=1)        1.628   gameLogic/Sh383263
    SLICE_X20Y29.A       Tilo                  0.254   M_p1Score_q[2]
                                                       gameLogic/Sh383285
    SLICE_X15Y30.B4      net (fanout=5)        0.936   gameLogic/Sh3832
    SLICE_X15Y30.CLK     Tas                   0.373   gameLogic/M_playing_q
                                                       gameLogic/M_playing_q_glue_set
                                                       gameLogic/M_playing_q
    -------------------------------------------------  ---------------------------
    Total                                      9.584ns (2.078ns logic, 7.506ns route)
                                                       (21.7% logic, 78.3% route)

--------------------------------------------------------------------------------
Slack:                  10.333ns (requirement - (data path - clock path skew + uncertainty))
  Source:               gameLogic/M_p1PositionY_q_3_4 (FF)
  Destination:          M_p2Score_q_2 (FF)
  Requirement:          20.000ns
  Data Path Delay:      9.576ns (Levels of Logic = 5)
  Clock Path Skew:      -0.056ns (0.596 - 0.652)
  Source Clock:         clk_IBUF_BUFG rising at 0.000ns
  Destination Clock:    clk_IBUF_BUFG rising at 20.000ns
  Clock Uncertainty:    0.035ns

  Clock Uncertainty:          0.035ns  ((TSJ^2 + TIJ^2)^1/2 + DJ) / 2 + PE
    Total System Jitter (TSJ):  0.070ns
    Total Input Jitter (TIJ):   0.000ns
    Discrete Jitter (DJ):       0.000ns
    Phase Error (PE):           0.000ns

  Maximum Data Path at Slow Process Corner: gameLogic/M_p1PositionY_q_3_4 to M_p2Score_q_2
    Location             Delay type         Delay(ns)  Physical Resource
                                                       Logical Resource(s)
    -------------------------------------------------  -------------------
    SLICE_X4Y22.DQ       Tcko                  0.525   gameLogic/M_p1PositionY_q_3_4
                                                       gameLogic/M_p1PositionY_q_3_4
    SLICE_X4Y36.D2       net (fanout=16)       1.605   gameLogic/M_p1PositionY_q_3_4
    SLICE_X4Y36.CMUX     Topdc                 0.456   gameLogic/Sh17882
                                                       gameLogic/Sh17882_F
                                                       gameLogic/Sh17882
    SLICE_X3Y27.C4       net (fanout=1)        1.688   gameLogic/Sh17882
    SLICE_X3Y27.C        Tilo                  0.259   gameLogic/Sh178810
                                                       gameLogic/Sh17885
    SLICE_X3Y27.A2       net (fanout=1)        0.542   gameLogic/Sh17885
    SLICE_X3Y27.A        Tilo                  0.259   gameLogic/Sh178810
                                                       gameLogic/Sh178821
    SLICE_X21Y25.A1      net (fanout=1)        2.412   gameLogic/Sh178821
    SLICE_X21Y25.A       Tilo                  0.259   M_p2Score_q[2]
                                                       gameLogic/Sh178885
    SLICE_X21Y25.D4      net (fanout=5)        1.198   gameLogic/Sh1788
    SLICE_X21Y25.CLK     Tas                   0.373   M_p2Score_q[2]
                                                       gameLogic/Mmux_p2ScoreOut61
                                                       M_p2Score_q_2
    -------------------------------------------------  ---------------------------
    Total                                      9.576ns (2.131ns logic, 7.445ns route)
                                                       (22.3% logic, 77.7% route)

--------------------------------------------------------------------------------
Slack:                  10.348ns (requirement - (data path - clock path skew + uncertainty))
  Source:               gameLogic/M_p1PositionY_q_3_4 (FF)
  Destination:          M_p2Score_q_2 (FF)
  Requirement:          20.000ns
  Data Path Delay:      9.561ns (Levels of Logic = 5)
  Clock Path Skew:      -0.056ns (0.596 - 0.652)
  Source Clock:         clk_IBUF_BUFG rising at 0.000ns
  Destination Clock:    clk_IBUF_BUFG rising at 20.000ns
  Clock Uncertainty:    0.035ns

  Clock Uncertainty:          0.035ns  ((TSJ^2 + TIJ^2)^1/2 + DJ) / 2 + PE
    Total System Jitter (TSJ):  0.070ns
    Total Input Jitter (TIJ):   0.000ns
    Discrete Jitter (DJ):       0.000ns
    Phase Error (PE):           0.000ns

  Maximum Data Path at Slow Process Corner: gameLogic/M_p1PositionY_q_3_4 to M_p2Score_q_2
    Location             Delay type         Delay(ns)  Physical Resource
                                                       Logical Resource(s)
    -------------------------------------------------  -------------------
    SLICE_X4Y22.DQ       Tcko                  0.525   gameLogic/M_p1PositionY_q_3_4
                                                       gameLogic/M_p1PositionY_q_3_4
    SLICE_X6Y36.D1       net (fanout=16)       1.790   gameLogic/M_p1PositionY_q_3_4
    SLICE_X6Y36.CMUX     Topdc                 0.402   gameLogic/Sh17887
                                                       gameLogic/Sh17887_F
                                                       gameLogic/Sh17887
    SLICE_X3Y27.D2       net (fanout=1)        1.725   gameLogic/Sh17887
    SLICE_X3Y27.D        Tilo                  0.259   gameLogic/Sh178810
                                                       gameLogic/Sh178810
    SLICE_X3Y27.A3       net (fanout=1)        0.359   gameLogic/Sh178810
    SLICE_X3Y27.A        Tilo                  0.259   gameLogic/Sh178810
                                                       gameLogic/Sh178821
    SLICE_X21Y25.A1      net (fanout=1)        2.412   gameLogic/Sh178821
    SLICE_X21Y25.A       Tilo                  0.259   M_p2Score_q[2]
                                                       gameLogic/Sh178885
    SLICE_X21Y25.D4      net (fanout=5)        1.198   gameLogic/Sh1788
    SLICE_X21Y25.CLK     Tas                   0.373   M_p2Score_q[2]
                                                       gameLogic/Mmux_p2ScoreOut61
                                                       M_p2Score_q_2
    -------------------------------------------------  ---------------------------
    Total                                      9.561ns (2.077ns logic, 7.484ns route)
                                                       (21.7% logic, 78.3% route)

--------------------------------------------------------------------------------
Slack:                  10.358ns (requirement - (data path - clock path skew + uncertainty))
  Source:               M_first_q_0_7 (FF)
  Destination:          gameLogic/M_playing_q (FF)
  Requirement:          20.000ns
  Data Path Delay:      9.556ns (Levels of Logic = 5)
  Clock Path Skew:      -0.051ns (0.601 - 0.652)
  Source Clock:         clk_IBUF_BUFG rising at 0.000ns
  Destination Clock:    clk_IBUF_BUFG rising at 20.000ns
  Clock Uncertainty:    0.035ns

  Clock Uncertainty:          0.035ns  ((TSJ^2 + TIJ^2)^1/2 + DJ) / 2 + PE
    Total System Jitter (TSJ):  0.070ns
    Total Input Jitter (TIJ):   0.000ns
    Discrete Jitter (DJ):       0.000ns
    Phase Error (PE):           0.000ns

  Maximum Data Path at Slow Process Corner: M_first_q_0_7 to gameLogic/M_playing_q
    Location             Delay type         Delay(ns)  Physical Resource
                                                       Logical Resource(s)
    -------------------------------------------------  -------------------
    SLICE_X6Y25.CQ       Tcko                  0.476   M_first_q_0_8
                                                       M_first_q_0_7
    SLICE_X6Y36.D4       net (fanout=14)       2.059   M_first_q_0_7
    SLICE_X6Y36.CMUX     Topdc                 0.402   gameLogic/Sh17887
                                                       gameLogic/Sh17887_F
                                                       gameLogic/Sh17887
    SLICE_X3Y27.D2       net (fanout=1)        1.725   gameLogic/Sh17887
    SLICE_X3Y27.D        Tilo                  0.259   gameLogic/Sh178810
                                                       gameLogic/Sh178810
    SLICE_X3Y27.A3       net (fanout=1)        0.359   gameLogic/Sh178810
    SLICE_X3Y27.A        Tilo                  0.259   gameLogic/Sh178810
                                                       gameLogic/Sh178821
    SLICE_X21Y25.A1      net (fanout=1)        2.412   gameLogic/Sh178821
    SLICE_X21Y25.A       Tilo                  0.259   M_p2Score_q[2]
                                                       gameLogic/Sh178885
    SLICE_X15Y30.B6      net (fanout=5)        0.973   gameLogic/Sh1788
    SLICE_X15Y30.CLK     Tas                   0.373   gameLogic/M_playing_q
                                                       gameLogic/M_playing_q_glue_set
                                                       gameLogic/M_playing_q
    -------------------------------------------------  ---------------------------
    Total                                      9.556ns (2.028ns logic, 7.528ns route)
                                                       (21.2% logic, 78.8% route)

--------------------------------------------------------------------------------
Slack:                  10.389ns (requirement - (data path - clock path skew + uncertainty))
  Source:               M_patternNew_q_95 (FF)
  Destination:          M_p2Score_q_2 (FF)
  Requirement:          20.000ns
  Data Path Delay:      9.518ns (Levels of Logic = 5)
  Clock Path Skew:      -0.058ns (0.596 - 0.654)
  Source Clock:         clk_IBUF_BUFG rising at 0.000ns
  Destination Clock:    clk_IBUF_BUFG rising at 20.000ns
  Clock Uncertainty:    0.035ns

  Clock Uncertainty:          0.035ns  ((TSJ^2 + TIJ^2)^1/2 + DJ) / 2 + PE
    Total System Jitter (TSJ):  0.070ns
    Total Input Jitter (TIJ):   0.000ns
    Discrete Jitter (DJ):       0.000ns
    Phase Error (PE):           0.000ns

  Maximum Data Path at Slow Process Corner: M_patternNew_q_95 to M_p2Score_q_2
    Location             Delay type         Delay(ns)  Physical Resource
                                                       Logical Resource(s)
    -------------------------------------------------  -------------------
    SLICE_X4Y21.CQ       Tcko                  0.525   M_patternNew_q[95]
                                                       M_patternNew_q_95
    SLICE_X4Y36.C3       net (fanout=4)        1.573   M_patternNew_q[95]
    SLICE_X4Y36.CMUX     Tilo                  0.430   gameLogic/Sh17882
                                                       gameLogic/Sh17882_G
                                                       gameLogic/Sh17882
    SLICE_X3Y27.C4       net (fanout=1)        1.688   gameLogic/Sh17882
    SLICE_X3Y27.C        Tilo                  0.259   gameLogic/Sh178810
                                                       gameLogic/Sh17885
    SLICE_X3Y27.A2       net (fanout=1)        0.542   gameLogic/Sh17885
    SLICE_X3Y27.A        Tilo                  0.259   gameLogic/Sh178810
                                                       gameLogic/Sh178821
    SLICE_X21Y25.A1      net (fanout=1)        2.412   gameLogic/Sh178821
    SLICE_X21Y25.A       Tilo                  0.259   M_p2Score_q[2]
                                                       gameLogic/Sh178885
    SLICE_X21Y25.D4      net (fanout=5)        1.198   gameLogic/Sh1788
    SLICE_X21Y25.CLK     Tas                   0.373   M_p2Score_q[2]
                                                       gameLogic/Mmux_p2ScoreOut61
                                                       M_p2Score_q_2
    -------------------------------------------------  ---------------------------
    Total                                      9.518ns (2.105ns logic, 7.413ns route)
                                                       (22.1% logic, 77.9% route)

--------------------------------------------------------------------------------
Slack:                  10.390ns (requirement - (data path - clock path skew + uncertainty))
  Source:               M_first_q_0_6 (FF)
  Destination:          M_p2Score_q_2 (FF)
  Requirement:          20.000ns
  Data Path Delay:      9.519ns (Levels of Logic = 5)
  Clock Path Skew:      -0.056ns (0.596 - 0.652)
  Source Clock:         clk_IBUF_BUFG rising at 0.000ns
  Destination Clock:    clk_IBUF_BUFG rising at 20.000ns
  Clock Uncertainty:    0.035ns

  Clock Uncertainty:          0.035ns  ((TSJ^2 + TIJ^2)^1/2 + DJ) / 2 + PE
    Total System Jitter (TSJ):  0.070ns
    Total Input Jitter (TIJ):   0.000ns
    Discrete Jitter (DJ):       0.000ns
    Phase Error (PE):           0.000ns

  Maximum Data Path at Slow Process Corner: M_first_q_0_6 to M_p2Score_q_2
    Location             Delay type         Delay(ns)  Physical Resource
                                                       Logical Resource(s)
    -------------------------------------------------  -------------------
    SLICE_X6Y25.BQ       Tcko                  0.476   M_first_q_0_8
                                                       M_first_q_0_6
    SLICE_X4Y36.D4       net (fanout=18)       1.597   M_first_q_0_6
    SLICE_X4Y36.CMUX     Topdc                 0.456   gameLogic/Sh17882
                                                       gameLogic/Sh17882_F
                                                       gameLogic/Sh17882
    SLICE_X3Y27.C4       net (fanout=1)        1.688   gameLogic/Sh17882
    SLICE_X3Y27.C        Tilo                  0.259   gameLogic/Sh178810
                                                       gameLogic/Sh17885
    SLICE_X3Y27.A2       net (fanout=1)        0.542   gameLogic/Sh17885
    SLICE_X3Y27.A        Tilo                  0.259   gameLogic/Sh178810
                                                       gameLogic/Sh178821
    SLICE_X21Y25.A1      net (fanout=1)        2.412   gameLogic/Sh178821
    SLICE_X21Y25.A       Tilo                  0.259   M_p2Score_q[2]
                                                       gameLogic/Sh178885
    SLICE_X21Y25.D4      net (fanout=5)        1.198   gameLogic/Sh1788
    SLICE_X21Y25.CLK     Tas                   0.373   M_p2Score_q[2]
                                                       gameLogic/Mmux_p2ScoreOut61
                                                       M_p2Score_q_2
    -------------------------------------------------  ---------------------------
    Total                                      9.519ns (2.082ns logic, 7.437ns route)
                                                       (21.9% logic, 78.1% route)

--------------------------------------------------------------------------------
Slack:                  10.409ns (requirement - (data path - clock path skew + uncertainty))
  Source:               gameLogic/M_p1PositionY_q_2_2 (FF)
  Destination:          gameLogic/M_playing_q (FF)
  Requirement:          20.000ns
  Data Path Delay:      9.510ns (Levels of Logic = 5)
  Clock Path Skew:      -0.046ns (0.601 - 0.647)
  Source Clock:         clk_IBUF_BUFG rising at 0.000ns
  Destination Clock:    clk_IBUF_BUFG rising at 20.000ns
  Clock Uncertainty:    0.035ns

  Clock Uncertainty:          0.035ns  ((TSJ^2 + TIJ^2)^1/2 + DJ) / 2 + PE
    Total System Jitter (TSJ):  0.070ns
    Total Input Jitter (TIJ):   0.000ns
    Discrete Jitter (DJ):       0.000ns
    Phase Error (PE):           0.000ns

  Maximum Data Path at Slow Process Corner: gameLogic/M_p1PositionY_q_2_2 to gameLogic/M_playing_q
    Location             Delay type         Delay(ns)  Physical Resource
                                                       Logical Resource(s)
    -------------------------------------------------  -------------------
    SLICE_X9Y21.DQ       Tcko                  0.430   gameLogic/M_p1PositionY_q_2_2
                                                       gameLogic/M_p1PositionY_q_2_2
    SLICE_X4Y36.CX       net (fanout=16)       2.133   gameLogic/M_p1PositionY_q_2_2
    SLICE_X4Y36.CMUX     Tcxc                  0.182   gameLogic/Sh17882
                                                       gameLogic/Sh17882
    SLICE_X3Y27.C4       net (fanout=1)        1.688   gameLogic/Sh17882
    SLICE_X3Y27.C        Tilo                  0.259   gameLogic/Sh178810
                                                       gameLogic/Sh17885
    SLICE_X3Y27.A2       net (fanout=1)        0.542   gameLogic/Sh17885
    SLICE_X3Y27.A        Tilo                  0.259   gameLogic/Sh178810
                                                       gameLogic/Sh178821
    SLICE_X21Y25.A1      net (fanout=1)        2.412   gameLogic/Sh178821
    SLICE_X21Y25.A       Tilo                  0.259   M_p2Score_q[2]
                                                       gameLogic/Sh178885
    SLICE_X15Y30.B6      net (fanout=5)        0.973   gameLogic/Sh1788
    SLICE_X15Y30.CLK     Tas                   0.373   gameLogic/M_playing_q
                                                       gameLogic/M_playing_q_glue_set
                                                       gameLogic/M_playing_q
    -------------------------------------------------  ---------------------------
    Total                                      9.510ns (1.762ns logic, 7.748ns route)
                                                       (18.5% logic, 81.5% route)

--------------------------------------------------------------------------------
Slack:                  10.463ns (requirement - (data path - clock path skew + uncertainty))
  Source:               gameLogic/M_p1PositionY_q_2_2 (FF)
  Destination:          M_p2Score_q_2 (FF)
  Requirement:          20.000ns
  Data Path Delay:      9.451ns (Levels of Logic = 5)
  Clock Path Skew:      -0.051ns (0.596 - 0.647)
  Source Clock:         clk_IBUF_BUFG rising at 0.000ns
  Destination Clock:    clk_IBUF_BUFG rising at 20.000ns
  Clock Uncertainty:    0.035ns

  Clock Uncertainty:          0.035ns  ((TSJ^2 + TIJ^2)^1/2 + DJ) / 2 + PE
    Total System Jitter (TSJ):  0.070ns
    Total Input Jitter (TIJ):   0.000ns
    Discrete Jitter (DJ):       0.000ns
    Phase Error (PE):           0.000ns

  Maximum Data Path at Slow Process Corner: gameLogic/M_p1PositionY_q_2_2 to M_p2Score_q_2
    Location             Delay type         Delay(ns)  Physical Resource
                                                       Logical Resource(s)
    -------------------------------------------------  -------------------
    SLICE_X9Y21.DQ       Tcko                  0.430   gameLogic/M_p1PositionY_q_2_2
                                                       gameLogic/M_p1PositionY_q_2_2
    SLICE_X4Y33.CX       net (fanout=16)       2.092   gameLogic/M_p1PositionY_q_2_2
    SLICE_X4Y33.CMUX     Tcxc                  0.182   matrixDisplay/Mmux_inputsToCircuit636
                                                       gameLogic/Sh17881
    SLICE_X3Y27.C2       net (fanout=1)        1.445   gameLogic/Sh17881
    SLICE_X3Y27.C        Tilo                  0.259   gameLogic/Sh178810
                                                       gameLogic/Sh17885
    SLICE_X3Y27.A2       net (fanout=1)        0.542   gameLogic/Sh17885
    SLICE_X3Y27.A        Tilo                  0.259   gameLogic/Sh178810
                                                       gameLogic/Sh178821
    SLICE_X21Y25.A1      net (fanout=1)        2.412   gameLogic/Sh178821
    SLICE_X21Y25.A       Tilo                  0.259   M_p2Score_q[2]
                                                       gameLogic/Sh178885
    SLICE_X21Y25.D4      net (fanout=5)        1.198   gameLogic/Sh1788
    SLICE_X21Y25.CLK     Tas                   0.373   M_p2Score_q[2]
                                                       gameLogic/Mmux_p2ScoreOut61
                                                       M_p2Score_q_2
    -------------------------------------------------  ---------------------------
    Total                                      9.451ns (1.762ns logic, 7.689ns route)
                                                       (18.6% logic, 81.4% route)

--------------------------------------------------------------------------------
Slack:                  10.485ns (requirement - (data path - clock path skew + uncertainty))
  Source:               M_first_q_0_7 (FF)
  Destination:          gameLogic/M_playing_q (FF)
  Requirement:          20.000ns
  Data Path Delay:      9.429ns (Levels of Logic = 5)
  Clock Path Skew:      -0.051ns (0.601 - 0.652)
  Source Clock:         clk_IBUF_BUFG rising at 0.000ns
  Destination Clock:    clk_IBUF_BUFG rising at 20.000ns
  Clock Uncertainty:    0.035ns

  Clock Uncertainty:          0.035ns  ((TSJ^2 + TIJ^2)^1/2 + DJ) / 2 + PE
    Total System Jitter (TSJ):  0.070ns
    Total Input Jitter (TIJ):   0.000ns
    Discrete Jitter (DJ):       0.000ns
    Phase Error (PE):           0.000ns

  Maximum Data Path at Slow Process Corner: M_first_q_0_7 to gameLogic/M_playing_q
    Location             Delay type         Delay(ns)  Physical Resource
                                                       Logical Resource(s)
    -------------------------------------------------  -------------------
    SLICE_X6Y25.CQ       Tcko                  0.476   M_first_q_0_8
                                                       M_first_q_0_7
    SLICE_X4Y36.C5       net (fanout=14)       1.758   M_first_q_0_7
    SLICE_X4Y36.CMUX     Tilo                  0.430   gameLogic/Sh17882
                                                       gameLogic/Sh17882_G
                                                       gameLogic/Sh17882
    SLICE_X3Y27.C4       net (fanout=1)        1.688   gameLogic/Sh17882
    SLICE_X3Y27.C        Tilo                  0.259   gameLogic/Sh178810
                                                       gameLogic/Sh17885
    SLICE_X3Y27.A2       net (fanout=1)        0.542   gameLogic/Sh17885
    SLICE_X3Y27.A        Tilo                  0.259   gameLogic/Sh178810
                                                       gameLogic/Sh178821
    SLICE_X21Y25.A1      net (fanout=1)        2.412   gameLogic/Sh178821
    SLICE_X21Y25.A       Tilo                  0.259   M_p2Score_q[2]
                                                       gameLogic/Sh178885
    SLICE_X15Y30.B6      net (fanout=5)        0.973   gameLogic/Sh1788
    SLICE_X15Y30.CLK     Tas                   0.373   gameLogic/M_playing_q
                                                       gameLogic/M_playing_q_glue_set
                                                       gameLogic/M_playing_q
    -------------------------------------------------  ---------------------------
    Total                                      9.429ns (2.056ns logic, 7.373ns route)
                                                       (21.8% logic, 78.2% route)

--------------------------------------------------------------------------------
Slack:                  10.496ns (requirement - (data path - clock path skew + uncertainty))
  Source:               M_first_q_0_7 (FF)
  Destination:          gameLogic/M_playing_q (FF)
  Requirement:          20.000ns
  Data Path Delay:      9.418ns (Levels of Logic = 5)
  Clock Path Skew:      -0.051ns (0.601 - 0.652)
  Source Clock:         clk_IBUF_BUFG rising at 0.000ns
  Destination Clock:    clk_IBUF_BUFG rising at 20.000ns
  Clock Uncertainty:    0.035ns

  Clock Uncertainty:          0.035ns  ((TSJ^2 + TIJ^2)^1/2 + DJ) / 2 + PE
    Total System Jitter (TSJ):  0.070ns
    Total Input Jitter (TIJ):   0.000ns
    Discrete Jitter (DJ):       0.000ns
    Phase Error (PE):           0.000ns

  Maximum Data Path at Slow Process Corner: M_first_q_0_7 to gameLogic/M_playing_q
    Location             Delay type         Delay(ns)  Physical Resource
                                                       Logical Resource(s)
    -------------------------------------------------  -------------------
    SLICE_X6Y25.CQ       Tcko                  0.476   M_first_q_0_8
                                                       M_first_q_0_7
    SLICE_X6Y36.C6       net (fanout=14)       1.920   M_first_q_0_7
    SLICE_X6Y36.CMUX     Tilo                  0.403   gameLogic/Sh17887
                                                       gameLogic/Sh17887_G
                                                       gameLogic/Sh17887
    SLICE_X3Y27.D2       net (fanout=1)        1.725   gameLogic/Sh17887
    SLICE_X3Y27.D        Tilo                  0.259   gameLogic/Sh178810
                                                       gameLogic/Sh178810
    SLICE_X3Y27.A3       net (fanout=1)        0.359   gameLogic/Sh178810
    SLICE_X3Y27.A        Tilo                  0.259   gameLogic/Sh178810
                                                       gameLogic/Sh178821
    SLICE_X21Y25.A1      net (fanout=1)        2.412   gameLogic/Sh178821
    SLICE_X21Y25.A       Tilo                  0.259   M_p2Score_q[2]
                                                       gameLogic/Sh178885
    SLICE_X15Y30.B6      net (fanout=5)        0.973   gameLogic/Sh1788
    SLICE_X15Y30.CLK     Tas                   0.373   gameLogic/M_playing_q
                                                       gameLogic/M_playing_q_glue_set
                                                       gameLogic/M_playing_q
    -------------------------------------------------  ---------------------------
    Total                                      9.418ns (2.029ns logic, 7.389ns route)
                                                       (21.5% logic, 78.5% route)

--------------------------------------------------------------------------------
Slack:                  10.513ns (requirement - (data path - clock path skew + uncertainty))
  Source:               gameLogic/M_p2PositionY_q_2 (FF)
  Destination:          M_p1Score_q_1 (FF)
  Requirement:          20.000ns
  Data Path Delay:      9.391ns (Levels of Logic = 5)
  Clock Path Skew:      -0.061ns (0.693 - 0.754)
  Source Clock:         clk_IBUF_BUFG rising at 0.000ns
  Destination Clock:    clk_IBUF_BUFG rising at 20.000ns
  Clock Uncertainty:    0.035ns

  Clock Uncertainty:          0.035ns  ((TSJ^2 + TIJ^2)^1/2 + DJ) / 2 + PE
    Total System Jitter (TSJ):  0.070ns
    Total Input Jitter (TIJ):   0.000ns
    Discrete Jitter (DJ):       0.000ns
    Phase Error (PE):           0.000ns

  Maximum Data Path at Slow Process Corner: gameLogic/M_p2PositionY_q_2 to M_p1Score_q_1
    Location             Delay type         Delay(ns)  Physical Resource
                                                       Logical Resource(s)
    -------------------------------------------------  -------------------
    SLICE_X6Y33.AMUX     Tshcko                0.535   gameLogic/M_p2PositionY_q[3]
                                                       gameLogic/M_p2PositionY_q_2
    SLICE_X0Y21.CX       net (fanout=85)       2.732   gameLogic/M_p2PositionY_q[2]
    SLICE_X0Y21.CMUX     Tcxc                  0.182   gameLogic/M_p2PositionY_q[3]_Decoder_103_OUT<107><7>2
                                                       gameLogic/Sh383253
    SLICE_X2Y22.A1       net (fanout=1)        0.944   gameLogic/Sh383253
    SLICE_X2Y22.A        Tilo                  0.235   gameLogic/Sh383257
                                                       gameLogic/Sh383257
    SLICE_X6Y31.A2       net (fanout=1)        1.751   gameLogic/Sh383257
    SLICE_X6Y31.A        Tilo                  0.235   gameLogic/Sh383247
                                                       gameLogic/Sh383263
    SLICE_X20Y29.A5      net (fanout=1)        1.628   gameLogic/Sh383263
    SLICE_X20Y29.A       Tilo                  0.254   M_p1Score_q[2]
                                                       gameLogic/Sh383285
    SLICE_X20Y29.C1      net (fanout=5)        0.556   gameLogic/Sh3832
    SLICE_X20Y29.CLK     Tas                   0.339   M_p1Score_q[2]
                                                       gameLogic/Mmux_p1ScoreOut41
                                                       M_p1Score_q_1
    -------------------------------------------------  ---------------------------
    Total                                      9.391ns (1.780ns logic, 7.611ns route)
                                                       (19.0% logic, 81.0% route)

--------------------------------------------------------------------------------
Slack:                  10.532ns (requirement - (data path - clock path skew + uncertainty))
  Source:               M_first_q_0_12 (FF)
  Destination:          M_p2Score_q_2 (FF)
  Requirement:          20.000ns
  Data Path Delay:      9.382ns (Levels of Logic = 5)
  Clock Path Skew:      -0.051ns (0.596 - 0.647)
  Source Clock:         clk_IBUF_BUFG rising at 0.000ns
  Destination Clock:    clk_IBUF_BUFG rising at 20.000ns
  Clock Uncertainty:    0.035ns

  Clock Uncertainty:          0.035ns  ((TSJ^2 + TIJ^2)^1/2 + DJ) / 2 + PE
    Total System Jitter (TSJ):  0.070ns
    Total Input Jitter (TIJ):   0.000ns
    Discrete Jitter (DJ):       0.000ns
    Phase Error (PE):           0.000ns

  Maximum Data Path at Slow Process Corner: M_first_q_0_12 to M_p2Score_q_2
    Location             Delay type         Delay(ns)  Physical Resource
                                                       Logical Resource(s)
    -------------------------------------------------  -------------------
    SLICE_X8Y26.DQ       Tcko                  0.525   M_first_q_0_12
                                                       M_first_q_0_12
    SLICE_X6Y20.D2       net (fanout=19)       1.563   M_first_q_0_12
    SLICE_X6Y20.CMUX     Topdc                 0.402   gameLogic/Sh178818
                                                       gameLogic/Sh178818_F
                                                       gameLogic/Sh178818
    SLICE_X3Y27.B2       net (fanout=1)        1.902   gameLogic/Sh178818
    SLICE_X3Y27.B        Tilo                  0.259   gameLogic/Sh178810
                                                       gameLogic/Sh178820
    SLICE_X3Y27.A5       net (fanout=1)        0.230   gameLogic/Sh178820
    SLICE_X3Y27.A        Tilo                  0.259   gameLogic/Sh178810
                                                       gameLogic/Sh178821
    SLICE_X21Y25.A1      net (fanout=1)        2.412   gameLogic/Sh178821
    SLICE_X21Y25.A       Tilo                  0.259   M_p2Score_q[2]
                                                       gameLogic/Sh178885
    SLICE_X21Y25.D4      net (fanout=5)        1.198   gameLogic/Sh1788
    SLICE_X21Y25.CLK     Tas                   0.373   M_p2Score_q[2]
                                                       gameLogic/Mmux_p2ScoreOut61
                                                       M_p2Score_q_2
    -------------------------------------------------  ---------------------------
    Total                                      9.382ns (2.077ns logic, 7.305ns route)
                                                       (22.1% logic, 77.9% route)

--------------------------------------------------------------------------------
Slack:                  10.532ns (requirement - (data path - clock path skew + uncertainty))
  Source:               gameLogic/M_p2PositionY_q_2 (FF)
  Destination:          gameLogic/M_playing_q (FF)
  Requirement:          20.000ns
  Data Path Delay:      9.368ns (Levels of Logic = 5)
  Clock Path Skew:      -0.065ns (0.689 - 0.754)
  Source Clock:         clk_IBUF_BUFG rising at 0.000ns
  Destination Clock:    clk_IBUF_BUFG rising at 20.000ns
  Clock Uncertainty:    0.035ns

  Clock Uncertainty:          0.035ns  ((TSJ^2 + TIJ^2)^1/2 + DJ) / 2 + PE
    Total System Jitter (TSJ):  0.070ns
    Total Input Jitter (TIJ):   0.000ns
    Discrete Jitter (DJ):       0.000ns
    Phase Error (PE):           0.000ns

  Maximum Data Path at Slow Process Corner: gameLogic/M_p2PositionY_q_2 to gameLogic/M_playing_q
    Location             Delay type         Delay(ns)  Physical Resource
                                                       Logical Resource(s)
    -------------------------------------------------  -------------------
    SLICE_X6Y33.AMUX     Tshcko                0.535   gameLogic/M_p2PositionY_q[3]
                                                       gameLogic/M_p2PositionY_q_2
    SLICE_X20Y18.CX      net (fanout=85)       2.760   gameLogic/M_p2PositionY_q[2]
    SLICE_X20Y18.CMUX    Tcxc                  0.182   gameLogic/Sh383234
                                                       gameLogic/Sh383234
    SLICE_X12Y20.A2      net (fanout=1)        1.338   gameLogic/Sh383234
    SLICE_X12Y20.A       Tilo                  0.254   gameLogic/Sh383236
                                                       gameLogic/Sh383236
    SLICE_X19Y28.A4      net (fanout=1)        1.570   gameLogic/Sh383236
    SLICE_X19Y28.A       Tilo                  0.259   gameLogic/Sh383226
                                                       gameLogic/Sh383242
    SLICE_X20Y29.A4      net (fanout=1)        0.907   gameLogic/Sh383242
    SLICE_X20Y29.A       Tilo                  0.254   M_p1Score_q[2]
                                                       gameLogic/Sh383285
    SLICE_X15Y30.B4      net (fanout=5)        0.936   gameLogic/Sh3832
    SLICE_X15Y30.CLK     Tas                   0.373   gameLogic/M_playing_q
                                                       gameLogic/M_playing_q_glue_set
                                                       gameLogic/M_playing_q
    -------------------------------------------------  ---------------------------
    Total                                      9.368ns (1.857ns logic, 7.511ns route)
                                                       (19.8% logic, 80.2% route)

--------------------------------------------------------------------------------
Slack:                  10.535ns (requirement - (data path - clock path skew + uncertainty))
  Source:               M_first_q_0_6 (FF)
  Destination:          M_p2Score_q_2 (FF)
  Requirement:          20.000ns
  Data Path Delay:      9.374ns (Levels of Logic = 5)
  Clock Path Skew:      -0.056ns (0.596 - 0.652)
  Source Clock:         clk_IBUF_BUFG rising at 0.000ns
  Destination Clock:    clk_IBUF_BUFG rising at 20.000ns
  Clock Uncertainty:    0.035ns

  Clock Uncertainty:          0.035ns  ((TSJ^2 + TIJ^2)^1/2 + DJ) / 2 + PE
    Total System Jitter (TSJ):  0.070ns
    Total Input Jitter (TIJ):   0.000ns
    Discrete Jitter (DJ):       0.000ns
    Phase Error (PE):           0.000ns

  Maximum Data Path at Slow Process Corner: M_first_q_0_6 to M_p2Score_q_2
    Location             Delay type         Delay(ns)  Physical Resource
                                                       Logical Resource(s)
    -------------------------------------------------  -------------------
    SLICE_X6Y25.BQ       Tcko                  0.476   M_first_q_0_8
                                                       M_first_q_0_6
    SLICE_X4Y33.D5       net (fanout=18)       1.695   M_first_q_0_6
    SLICE_X4Y33.CMUX     Topdc                 0.456   matrixDisplay/Mmux_inputsToCircuit636
                                                       gameLogic/Sh17881_F
                                                       gameLogic/Sh17881
    SLICE_X3Y27.C2       net (fanout=1)        1.445   gameLogic/Sh17881
    SLICE_X3Y27.C        Tilo                  0.259   gameLogic/Sh178810
                                                       gameLogic/Sh17885
    SLICE_X3Y27.A2       net (fanout=1)        0.542   gameLogic/Sh17885
    SLICE_X3Y27.A        Tilo                  0.259   gameLogic/Sh178810
                                                       gameLogic/Sh178821
    SLICE_X21Y25.A1      net (fanout=1)        2.412   gameLogic/Sh178821
    SLICE_X21Y25.A       Tilo                  0.259   M_p2Score_q[2]
                                                       gameLogic/Sh178885
    SLICE_X21Y25.D4      net (fanout=5)        1.198   gameLogic/Sh1788
    SLICE_X21Y25.CLK     Tas                   0.373   M_p2Score_q[2]
                                                       gameLogic/Mmux_p2ScoreOut61
                                                       M_p2Score_q_2
    -------------------------------------------------  ---------------------------
    Total                                      9.374ns (2.082ns logic, 7.292ns route)
                                                       (22.2% logic, 77.8% route)

--------------------------------------------------------------------------------
Slack:                  10.552ns (requirement - (data path - clock path skew + uncertainty))
  Source:               gameLogic/M_p2PositionY_q_2 (FF)
  Destination:          gameLogic/M_playing_q (FF)
  Requirement:          20.000ns
  Data Path Delay:      9.348ns (Levels of Logic = 5)
  Clock Path Skew:      -0.065ns (0.689 - 0.754)
  Source Clock:         clk_IBUF_BUFG rising at 0.000ns
  Destination Clock:    clk_IBUF_BUFG rising at 20.000ns
  Clock Uncertainty:    0.035ns

  Clock Uncertainty:          0.035ns  ((TSJ^2 + TIJ^2)^1/2 + DJ) / 2 + PE
    Total System Jitter (TSJ):  0.070ns
    Total Input Jitter (TIJ):   0.000ns
    Discrete Jitter (DJ):       0.000ns
    Phase Error (PE):           0.000ns

  Maximum Data Path at Slow Process Corner: gameLogic/M_p2PositionY_q_2 to gameLogic/M_playing_q
    Location             Delay type         Delay(ns)  Physical Resource
                                                       Logical Resource(s)
    -------------------------------------------------  -------------------
    SLICE_X6Y33.AMUX     Tshcko                0.535   gameLogic/M_p2PositionY_q[3]
                                                       gameLogic/M_p2PositionY_q_2
    SLICE_X4Y19.CX       net (fanout=85)       2.287   gameLogic/M_p2PositionY_q[2]
    SLICE_X4Y19.CMUX     Tcxc                  0.182   gameLogic/Sh383255
                                                       gameLogic/Sh383255
    SLICE_X2Y22.A3       net (fanout=1)        0.932   gameLogic/Sh383255
    SLICE_X2Y22.A        Tilo                  0.235   gameLogic/Sh383257
                                                       gameLogic/Sh383257
    SLICE_X6Y31.A2       net (fanout=1)        1.751   gameLogic/Sh383257
    SLICE_X6Y31.A        Tilo                  0.235   gameLogic/Sh383247
                                                       gameLogic/Sh383263
    SLICE_X20Y29.A5      net (fanout=1)        1.628   gameLogic/Sh383263
    SLICE_X20Y29.A       Tilo                  0.254   M_p1Score_q[2]
                                                       gameLogic/Sh383285
    SLICE_X15Y30.B4      net (fanout=5)        0.936   gameLogic/Sh3832
    SLICE_X15Y30.CLK     Tas                   0.373   gameLogic/M_playing_q
                                                       gameLogic/M_playing_q_glue_set
                                                       gameLogic/M_playing_q
    -------------------------------------------------  ---------------------------
    Total                                      9.348ns (1.814ns logic, 7.534ns route)
                                                       (19.4% logic, 80.6% route)

--------------------------------------------------------------------------------
Slack:                  10.563ns (requirement - (data path - clock path skew + uncertainty))
  Source:               gameLogic/M_p1PositionY_q_3_4 (FF)
  Destination:          gameLogic/M_playing_q (FF)
  Requirement:          20.000ns
  Data Path Delay:      9.351ns (Levels of Logic = 5)
  Clock Path Skew:      -0.051ns (0.601 - 0.652)
  Source Clock:         clk_IBUF_BUFG rising at 0.000ns
  Destination Clock:    clk_IBUF_BUFG rising at 20.000ns
  Clock Uncertainty:    0.035ns

  Clock Uncertainty:          0.035ns  ((TSJ^2 + TIJ^2)^1/2 + DJ) / 2 + PE
    Total System Jitter (TSJ):  0.070ns
    Total Input Jitter (TIJ):   0.000ns
    Discrete Jitter (DJ):       0.000ns
    Phase Error (PE):           0.000ns

  Maximum Data Path at Slow Process Corner: gameLogic/M_p1PositionY_q_3_4 to gameLogic/M_playing_q
    Location             Delay type         Delay(ns)  Physical Resource
                                                       Logical Resource(s)
    -------------------------------------------------  -------------------
    SLICE_X4Y22.DQ       Tcko                  0.525   gameLogic/M_p1PositionY_q_3_4
                                                       gameLogic/M_p1PositionY_q_3_4
    SLICE_X4Y36.D2       net (fanout=16)       1.605   gameLogic/M_p1PositionY_q_3_4
    SLICE_X4Y36.CMUX     Topdc                 0.456   gameLogic/Sh17882
                                                       gameLogic/Sh17882_F
                                                       gameLogic/Sh17882
    SLICE_X3Y27.C4       net (fanout=1)        1.688   gameLogic/Sh17882
    SLICE_X3Y27.C        Tilo                  0.259   gameLogic/Sh178810
                                                       gameLogic/Sh17885
    SLICE_X3Y27.A2       net (fanout=1)        0.542   gameLogic/Sh17885
    SLICE_X3Y27.A        Tilo                  0.259   gameLogic/Sh178810
                                                       gameLogic/Sh178821
    SLICE_X21Y25.A1      net (fanout=1)        2.412   gameLogic/Sh178821
    SLICE_X21Y25.A       Tilo                  0.259   M_p2Score_q[2]
                                                       gameLogic/Sh178885
    SLICE_X15Y30.B6      net (fanout=5)        0.973   gameLogic/Sh1788
    SLICE_X15Y30.CLK     Tas                   0.373   gameLogic/M_playing_q
                                                       gameLogic/M_playing_q_glue_set
                                                       gameLogic/M_playing_q
    -------------------------------------------------  ---------------------------
    Total                                      9.351ns (2.131ns logic, 7.220ns route)
                                                       (22.8% logic, 77.2% route)

--------------------------------------------------------------------------------
Slack:                  10.578ns (requirement - (data path - clock path skew + uncertainty))
  Source:               gameLogic/M_p1PositionY_q_3_4 (FF)
  Destination:          gameLogic/M_playing_q (FF)
  Requirement:          20.000ns
  Data Path Delay:      9.336ns (Levels of Logic = 5)
  Clock Path Skew:      -0.051ns (0.601 - 0.652)
  Source Clock:         clk_IBUF_BUFG rising at 0.000ns
  Destination Clock:    clk_IBUF_BUFG rising at 20.000ns
  Clock Uncertainty:    0.035ns

  Clock Uncertainty:          0.035ns  ((TSJ^2 + TIJ^2)^1/2 + DJ) / 2 + PE
    Total System Jitter (TSJ):  0.070ns
    Total Input Jitter (TIJ):   0.000ns
    Discrete Jitter (DJ):       0.000ns
    Phase Error (PE):           0.000ns

  Maximum Data Path at Slow Process Corner: gameLogic/M_p1PositionY_q_3_4 to gameLogic/M_playing_q
    Location             Delay type         Delay(ns)  Physical Resource
                                                       Logical Resource(s)
    -------------------------------------------------  -------------------
    SLICE_X4Y22.DQ       Tcko                  0.525   gameLogic/M_p1PositionY_q_3_4
                                                       gameLogic/M_p1PositionY_q_3_4
    SLICE_X6Y36.D1       net (fanout=16)       1.790   gameLogic/M_p1PositionY_q_3_4
    SLICE_X6Y36.CMUX     Topdc                 0.402   gameLogic/Sh17887
                                                       gameLogic/Sh17887_F
                                                       gameLogic/Sh17887
    SLICE_X3Y27.D2       net (fanout=1)        1.725   gameLogic/Sh17887
    SLICE_X3Y27.D        Tilo                  0.259   gameLogic/Sh178810
                                                       gameLogic/Sh178810
    SLICE_X3Y27.A3       net (fanout=1)        0.359   gameLogic/Sh178810
    SLICE_X3Y27.A        Tilo                  0.259   gameLogic/Sh178810
                                                       gameLogic/Sh178821
    SLICE_X21Y25.A1      net (fanout=1)        2.412   gameLogic/Sh178821
    SLICE_X21Y25.A       Tilo                  0.259   M_p2Score_q[2]
                                                       gameLogic/Sh178885
    SLICE_X15Y30.B6      net (fanout=5)        0.973   gameLogic/Sh1788
    SLICE_X15Y30.CLK     Tas                   0.373   gameLogic/M_playing_q
                                                       gameLogic/M_playing_q_glue_set
                                                       gameLogic/M_playing_q
    -------------------------------------------------  ---------------------------
    Total                                      9.336ns (2.077ns logic, 7.259ns route)
                                                       (22.2% logic, 77.8% route)

--------------------------------------------------------------------------------
Slack:                  10.596ns (requirement - (data path - clock path skew + uncertainty))
  Source:               gameLogic/M_p2PositionY_q_2 (FF)
  Destination:          gameLogic/M_playing_q (FF)
  Requirement:          20.000ns
  Data Path Delay:      9.304ns (Levels of Logic = 5)
  Clock Path Skew:      -0.065ns (0.689 - 0.754)
  Source Clock:         clk_IBUF_BUFG rising at 0.000ns
  Destination Clock:    clk_IBUF_BUFG rising at 20.000ns
  Clock Uncertainty:    0.035ns

  Clock Uncertainty:          0.035ns  ((TSJ^2 + TIJ^2)^1/2 + DJ) / 2 + PE
    Total System Jitter (TSJ):  0.070ns
    Total Input Jitter (TIJ):   0.000ns
    Discrete Jitter (DJ):       0.000ns
    Phase Error (PE):           0.000ns

  Maximum Data Path at Slow Process Corner: gameLogic/M_p2PositionY_q_2 to gameLogic/M_playing_q
    Location             Delay type         Delay(ns)  Physical Resource
                                                       Logical Resource(s)
    -------------------------------------------------  -------------------
    SLICE_X6Y33.AMUX     Tshcko                0.535   gameLogic/M_p2PositionY_q[3]
                                                       gameLogic/M_p2PositionY_q_2
    SLICE_X2Y22.CX       net (fanout=85)       2.440   gameLogic/M_p2PositionY_q[2]
    SLICE_X2Y22.CMUX     Tcxc                  0.192   gameLogic/Sh383257
                                                       gameLogic/Sh383254
    SLICE_X2Y22.A2       net (fanout=1)        0.725   gameLogic/Sh383254
    SLICE_X2Y22.A        Tilo                  0.235   gameLogic/Sh383257
                                                       gameLogic/Sh383257
    SLICE_X6Y31.A2       net (fanout=1)        1.751   gameLogic/Sh383257
    SLICE_X6Y31.A        Tilo                  0.235   gameLogic/Sh383247
                                                       gameLogic/Sh383263
    SLICE_X20Y29.A5      net (fanout=1)        1.628   gameLogic/Sh383263
    SLICE_X20Y29.A       Tilo                  0.254   M_p1Score_q[2]
                                                       gameLogic/Sh383285
    SLICE_X15Y30.B4      net (fanout=5)        0.936   gameLogic/Sh3832
    SLICE_X15Y30.CLK     Tas                   0.373   gameLogic/M_playing_q
                                                       gameLogic/M_playing_q_glue_set
                                                       gameLogic/M_playing_q
    -------------------------------------------------  ---------------------------
    Total                                      9.304ns (1.824ns logic, 7.480ns route)
                                                       (19.6% logic, 80.4% route)

--------------------------------------------------------------------------------
Slack:                  10.599ns (requirement - (data path - clock path skew + uncertainty))
  Source:               gameLogic/M_p1PositionY_q_2_2 (FF)
  Destination:          M_p2Score_q_1 (FF)
  Requirement:          20.000ns
  Data Path Delay:      9.315ns (Levels of Logic = 5)
  Clock Path Skew:      -0.051ns (0.596 - 0.647)
  Source Clock:         clk_IBUF_BUFG rising at 0.000ns
  Destination Clock:    clk_IBUF_BUFG rising at 20.000ns
  Clock Uncertainty:    0.035ns

  Clock Uncertainty:          0.035ns  ((TSJ^2 + TIJ^2)^1/2 + DJ) / 2 + PE
    Total System Jitter (TSJ):  0.070ns
    Total Input Jitter (TIJ):   0.000ns
    Discrete Jitter (DJ):       0.000ns
    Phase Error (PE):           0.000ns

  Maximum Data Path at Slow Process Corner: gameLogic/M_p1PositionY_q_2_2 to M_p2Score_q_1
    Location             Delay type         Delay(ns)  Physical Resource
                                                       Logical Resource(s)
    -------------------------------------------------  -------------------
    SLICE_X9Y21.DQ       Tcko                  0.430   gameLogic/M_p1PositionY_q_2_2
                                                       gameLogic/M_p1PositionY_q_2_2
    SLICE_X6Y36.CX       net (fanout=16)       2.494   gameLogic/M_p1PositionY_q_2_2
    SLICE_X6Y36.CMUX     Tcxc                  0.192   gameLogic/Sh17887
                                                       gameLogic/Sh17887
    SLICE_X3Y27.D2       net (fanout=1)        1.725   gameLogic/Sh17887
    SLICE_X3Y27.D        Tilo                  0.259   gameLogic/Sh178810
                                                       gameLogic/Sh178810
    SLICE_X3Y27.A3       net (fanout=1)        0.359   gameLogic/Sh178810
    SLICE_X3Y27.A        Tilo                  0.259   gameLogic/Sh178810
                                                       gameLogic/Sh178821
    SLICE_X21Y25.A1      net (fanout=1)        2.412   gameLogic/Sh178821
    SLICE_X21Y25.A       Tilo                  0.259   M_p2Score_q[2]
                                                       gameLogic/Sh178885
    SLICE_X21Y25.C2      net (fanout=5)        0.553   gameLogic/Sh1788
    SLICE_X21Y25.CLK     Tas                   0.373   M_p2Score_q[2]
                                                       gameLogic/Mmux_p2ScoreOut41
                                                       M_p2Score_q_1
    -------------------------------------------------  ---------------------------
    Total                                      9.315ns (1.772ns logic, 7.543ns route)
                                                       (19.0% logic, 81.0% route)

--------------------------------------------------------------------------------
Slack:                  10.612ns (requirement - (data path - clock path skew + uncertainty))
  Source:               M_first_q_0_13 (FF)
  Destination:          gameLogic/M_playing_q (FF)
  Requirement:          20.000ns
  Data Path Delay:      9.294ns (Levels of Logic = 5)
  Clock Path Skew:      -0.059ns (0.601 - 0.660)
  Source Clock:         clk_IBUF_BUFG rising at 0.000ns
  Destination Clock:    clk_IBUF_BUFG rising at 20.000ns
  Clock Uncertainty:    0.035ns

  Clock Uncertainty:          0.035ns  ((TSJ^2 + TIJ^2)^1/2 + DJ) / 2 + PE
    Total System Jitter (TSJ):  0.070ns
    Total Input Jitter (TIJ):   0.000ns
    Discrete Jitter (DJ):       0.000ns
    Phase Error (PE):           0.000ns

  Maximum Data Path at Slow Process Corner: M_first_q_0_13 to gameLogic/M_playing_q
    Location             Delay type         Delay(ns)  Physical Resource
                                                       Logical Resource(s)
    -------------------------------------------------  -------------------
    SLICE_X6Y28.AQ       Tcko                  0.476   M_first_q_0_15
                                                       M_first_q_0_13
    SLICE_X20Y18.D2      net (fanout=19)       2.471   M_first_q_0_13
    SLICE_X20Y18.CMUX    Topdc                 0.456   gameLogic/Sh383234
                                                       gameLogic/Sh383234_F
                                                       gameLogic/Sh383234
    SLICE_X12Y20.A2      net (fanout=1)        1.338   gameLogic/Sh383234
    SLICE_X12Y20.A       Tilo                  0.254   gameLogic/Sh383236
                                                       gameLogic/Sh383236
    SLICE_X19Y28.A4      net (fanout=1)        1.570   gameLogic/Sh383236
    SLICE_X19Y28.A       Tilo                  0.259   gameLogic/Sh383226
                                                       gameLogic/Sh383242
    SLICE_X20Y29.A4      net (fanout=1)        0.907   gameLogic/Sh383242
    SLICE_X20Y29.A       Tilo                  0.254   M_p1Score_q[2]
                                                       gameLogic/Sh383285
    SLICE_X15Y30.B4      net (fanout=5)        0.936   gameLogic/Sh3832
    SLICE_X15Y30.CLK     Tas                   0.373   gameLogic/M_playing_q
                                                       gameLogic/M_playing_q_glue_set
                                                       gameLogic/M_playing_q
    -------------------------------------------------  ---------------------------
    Total                                      9.294ns (2.072ns logic, 7.222ns route)
                                                       (22.3% logic, 77.7% route)

--------------------------------------------------------------------------------
Slack:                  10.619ns (requirement - (data path - clock path skew + uncertainty))
  Source:               M_patternNew_q_95 (FF)
  Destination:          gameLogic/M_playing_q (FF)
  Requirement:          20.000ns
  Data Path Delay:      9.293ns (Levels of Logic = 5)
  Clock Path Skew:      -0.053ns (0.601 - 0.654)
  Source Clock:         clk_IBUF_BUFG rising at 0.000ns
  Destination Clock:    clk_IBUF_BUFG rising at 20.000ns
  Clock Uncertainty:    0.035ns

  Clock Uncertainty:          0.035ns  ((TSJ^2 + TIJ^2)^1/2 + DJ) / 2 + PE
    Total System Jitter (TSJ):  0.070ns
    Total Input Jitter (TIJ):   0.000ns
    Discrete Jitter (DJ):       0.000ns
    Phase Error (PE):           0.000ns

  Maximum Data Path at Slow Process Corner: M_patternNew_q_95 to gameLogic/M_playing_q
    Location             Delay type         Delay(ns)  Physical Resource
                                                       Logical Resource(s)
    -------------------------------------------------  -------------------
    SLICE_X4Y21.CQ       Tcko                  0.525   M_patternNew_q[95]
                                                       M_patternNew_q_95
    SLICE_X4Y36.C3       net (fanout=4)        1.573   M_patternNew_q[95]
    SLICE_X4Y36.CMUX     Tilo                  0.430   gameLogic/Sh17882
                                                       gameLogic/Sh17882_G
                                                       gameLogic/Sh17882
    SLICE_X3Y27.C4       net (fanout=1)        1.688   gameLogic/Sh17882
    SLICE_X3Y27.C        Tilo                  0.259   gameLogic/Sh178810
                                                       gameLogic/Sh17885
    SLICE_X3Y27.A2       net (fanout=1)        0.542   gameLogic/Sh17885
    SLICE_X3Y27.A        Tilo                  0.259   gameLogic/Sh178810
                                                       gameLogic/Sh178821
    SLICE_X21Y25.A1      net (fanout=1)        2.412   gameLogic/Sh178821
    SLICE_X21Y25.A       Tilo                  0.259   M_p2Score_q[2]
                                                       gameLogic/Sh178885
    SLICE_X15Y30.B6      net (fanout=5)        0.973   gameLogic/Sh1788
    SLICE_X15Y30.CLK     Tas                   0.373   gameLogic/M_playing_q
                                                       gameLogic/M_playing_q_glue_set
                                                       gameLogic/M_playing_q
    -------------------------------------------------  ---------------------------
    Total                                      9.293ns (2.105ns logic, 7.188ns route)
                                                       (22.7% logic, 77.3% route)

--------------------------------------------------------------------------------
Slack:                  10.620ns (requirement - (data path - clock path skew + uncertainty))
  Source:               M_first_q_0_6 (FF)
  Destination:          gameLogic/M_playing_q (FF)
  Requirement:          20.000ns
  Data Path Delay:      9.294ns (Levels of Logic = 5)
  Clock Path Skew:      -0.051ns (0.601 - 0.652)
  Source Clock:         clk_IBUF_BUFG rising at 0.000ns
  Destination Clock:    clk_IBUF_BUFG rising at 20.000ns
  Clock Uncertainty:    0.035ns

  Clock Uncertainty:          0.035ns  ((TSJ^2 + TIJ^2)^1/2 + DJ) / 2 + PE
    Total System Jitter (TSJ):  0.070ns
    Total Input Jitter (TIJ):   0.000ns
    Discrete Jitter (DJ):       0.000ns
    Phase Error (PE):           0.000ns

  Maximum Data Path at Slow Process Corner: M_first_q_0_6 to gameLogic/M_playing_q
    Location             Delay type         Delay(ns)  Physical Resource
                                                       Logical Resource(s)
    -------------------------------------------------  -------------------
    SLICE_X6Y25.BQ       Tcko                  0.476   M_first_q_0_8
                                                       M_first_q_0_6
    SLICE_X4Y36.D4       net (fanout=18)       1.597   M_first_q_0_6
    SLICE_X4Y36.CMUX     Topdc                 0.456   gameLogic/Sh17882
                                                       gameLogic/Sh17882_F
                                                       gameLogic/Sh17882
    SLICE_X3Y27.C4       net (fanout=1)        1.688   gameLogic/Sh17882
    SLICE_X3Y27.C        Tilo                  0.259   gameLogic/Sh178810
                                                       gameLogic/Sh17885
    SLICE_X3Y27.A2       net (fanout=1)        0.542   gameLogic/Sh17885
    SLICE_X3Y27.A        Tilo                  0.259   gameLogic/Sh178810
                                                       gameLogic/Sh178821
    SLICE_X21Y25.A1      net (fanout=1)        2.412   gameLogic/Sh178821
    SLICE_X21Y25.A       Tilo                  0.259   M_p2Score_q[2]
                                                       gameLogic/Sh178885
    SLICE_X15Y30.B6      net (fanout=5)        0.973   gameLogic/Sh1788
    SLICE_X15Y30.CLK     Tas                   0.373   gameLogic/M_playing_q
                                                       gameLogic/M_playing_q_glue_set
                                                       gameLogic/M_playing_q
    -------------------------------------------------  ---------------------------
    Total                                      9.294ns (2.082ns logic, 7.212ns route)
                                                       (22.4% logic, 77.6% route)

--------------------------------------------------------------------------------
Slack:                  10.658ns (requirement - (data path - clock path skew + uncertainty))
  Source:               M_first_q_0_6 (FF)
  Destination:          M_p2Score_q_2 (FF)
  Requirement:          20.000ns
  Data Path Delay:      9.251ns (Levels of Logic = 5)
  Clock Path Skew:      -0.056ns (0.596 - 0.652)
  Source Clock:         clk_IBUF_BUFG rising at 0.000ns
  Destination Clock:    clk_IBUF_BUFG rising at 20.000ns
  Clock Uncertainty:    0.035ns

  Clock Uncertainty:          0.035ns  ((TSJ^2 + TIJ^2)^1/2 + DJ) / 2 + PE
    Total System Jitter (TSJ):  0.070ns
    Total Input Jitter (TIJ):   0.000ns
    Discrete Jitter (DJ):       0.000ns
    Phase Error (PE):           0.000ns

  Maximum Data Path at Slow Process Corner: M_first_q_0_6 to M_p2Score_q_2
    Location             Delay type         Delay(ns)  Physical Resource
                                                       Logical Resource(s)
    -------------------------------------------------  -------------------
    SLICE_X6Y25.BQ       Tcko                  0.476   M_first_q_0_8
                                                       M_first_q_0_6
    SLICE_X4Y33.C6       net (fanout=18)       1.598   M_first_q_0_6
    SLICE_X4Y33.CMUX     Tilo                  0.430   matrixDisplay/Mmux_inputsToCircuit636
                                                       gameLogic/Sh17881_G
                                                       gameLogic/Sh17881
    SLICE_X3Y27.C2       net (fanout=1)        1.445   gameLogic/Sh17881
    SLICE_X3Y27.C        Tilo                  0.259   gameLogic/Sh178810
                                                       gameLogic/Sh17885
    SLICE_X3Y27.A2       net (fanout=1)        0.542   gameLogic/Sh17885
    SLICE_X3Y27.A        Tilo                  0.259   gameLogic/Sh178810
                                                       gameLogic/Sh178821
    SLICE_X21Y25.A1      net (fanout=1)        2.412   gameLogic/Sh178821
    SLICE_X21Y25.A       Tilo                  0.259   M_p2Score_q[2]
                                                       gameLogic/Sh178885
    SLICE_X21Y25.D4      net (fanout=5)        1.198   gameLogic/Sh1788
    SLICE_X21Y25.CLK     Tas                   0.373   M_p2Score_q[2]
                                                       gameLogic/Mmux_p2ScoreOut61
                                                       M_p2Score_q_2
    -------------------------------------------------  ---------------------------
    Total                                      9.251ns (2.056ns logic, 7.195ns route)
                                                       (22.2% logic, 77.8% route)

--------------------------------------------------------------------------------

Component Switching Limit Checks: TS_clk = PERIOD TIMEGRP "clk" 50 MHz HIGH 50%;
--------------------------------------------------------------------------------
Slack: 17.334ns (period - min period limit)
  Period: 20.000ns
  Min period limit: 2.666ns (375.094MHz) (Tbcper_I)
  Physical resource: clk_IBUF_BUFG/I0
  Logical resource: clk_IBUF_BUFG/I0
  Location pin: BUFGMUX_X2Y11.I0
  Clock network: clk_IBUF
--------------------------------------------------------------------------------
Slack: 18.601ns (period - min period limit)
  Period: 20.000ns
  Min period limit: 1.399ns (714.796MHz) (Tcp)
  Physical resource: gameLogic/levelButtonState/button_cond/M_sync_out/CLK
  Logical resource: gameLogic/levelButtonState/button_cond/sync/Mshreg_M_pipe_q_1/CLK
  Location pin: SLICE_X16Y57.CLK
  Clock network: clk_IBUF_BUFG
--------------------------------------------------------------------------------
Slack: 19.520ns (period - min period limit)
  Period: 20.000ns
  Min period limit: 0.480ns (2083.333MHz) (Tcp)
  Physical resource: reset_cond/M_stage_q[2]/CLK
  Logical resource: reset_cond/M_stage_q_3/CK
  Location pin: SLICE_X0Y2.CLK
  Clock network: clk_IBUF_BUFG
--------------------------------------------------------------------------------
Slack: 19.520ns (period - (min high pulse limit / (high pulse / period)))
  Period: 20.000ns
  High pulse: 10.000ns
  High pulse limit: 0.240ns (Trpw)
  Physical resource: reset_cond/M_stage_q[2]/SR
  Logical resource: reset_cond/M_stage_q_3/SR
  Location pin: SLICE_X0Y2.SR
  Clock network: M_reset_cond_in
--------------------------------------------------------------------------------
Slack: 19.520ns (period - min period limit)
  Period: 20.000ns
  Min period limit: 0.480ns (2083.333MHz) (Tcp)
  Physical resource: reset_cond/M_stage_q[2]/CLK
  Logical resource: reset_cond/M_stage_q_0/CK
  Location pin: SLICE_X0Y2.CLK
  Clock network: clk_IBUF_BUFG
--------------------------------------------------------------------------------
Slack: 19.520ns (period - min period limit)
  Period: 20.000ns
  Min period limit: 0.480ns (2083.333MHz) (Tcp)
  Physical resource: reset_cond/M_stage_q[2]/CLK
  Logical resource: reset_cond/M_stage_q_1/CK
  Location pin: SLICE_X0Y2.CLK
  Clock network: clk_IBUF_BUFG
--------------------------------------------------------------------------------
Slack: 19.520ns (period - min period limit)
  Period: 20.000ns
  Min period limit: 0.480ns (2083.333MHz) (Tcp)
  Physical resource: reset_cond/M_stage_q[2]/CLK
  Logical resource: reset_cond/M_stage_q_2/CK
  Location pin: SLICE_X0Y2.CLK
  Clock network: clk_IBUF_BUFG
--------------------------------------------------------------------------------
Slack: 19.520ns (period - min period limit)
  Period: 20.000ns
  Min period limit: 0.480ns (2083.333MHz) (Tcp)
  Physical resource: M_patternNew_q[43]/CLK
  Logical resource: M_patternNew_q_42/CK
  Location pin: SLICE_X0Y19.CLK
  Clock network: clk_IBUF_BUFG
--------------------------------------------------------------------------------
Slack: 19.520ns (period - min period limit)
  Period: 20.000ns
  Min period limit: 0.480ns (2083.333MHz) (Tcp)
  Physical resource: M_patternNew_q[43]/CLK
  Logical resource: M_patternNew_q_43/CK
  Location pin: SLICE_X0Y19.CLK
  Clock network: clk_IBUF_BUFG
--------------------------------------------------------------------------------
Slack: 19.520ns (period - min period limit)
  Period: 20.000ns
  Min period limit: 0.480ns (2083.333MHz) (Tcp)
  Physical resource: M_patternNew_q[239]/CLK
  Logical resource: M_patternNew_q_238/CK
  Location pin: SLICE_X0Y27.CLK
  Clock network: clk_IBUF_BUFG
--------------------------------------------------------------------------------
Slack: 19.520ns (period - min period limit)
  Period: 20.000ns
  Min period limit: 0.480ns (2083.333MHz) (Tcp)
  Physical resource: M_patternNew_q[239]/CLK
  Logical resource: M_patternNew_q_239/CK
  Location pin: SLICE_X0Y27.CLK
  Clock network: clk_IBUF_BUFG
--------------------------------------------------------------------------------
Slack: 19.520ns (period - min period limit)
  Period: 20.000ns
  Min period limit: 0.480ns (2083.333MHz) (Tcp)
  Physical resource: M_patternNew_q[19]/CLK
  Logical resource: M_patternNew_q_18/CK
  Location pin: SLICE_X0Y32.CLK
  Clock network: clk_IBUF_BUFG
--------------------------------------------------------------------------------
Slack: 19.520ns (period - min period limit)
  Period: 20.000ns
  Min period limit: 0.480ns (2083.333MHz) (Tcp)
  Physical resource: M_patternNew_q[19]/CLK
  Logical resource: M_patternNew_q_19/CK
  Location pin: SLICE_X0Y32.CLK
  Clock network: clk_IBUF_BUFG
--------------------------------------------------------------------------------
Slack: 19.520ns (period - min period limit)
  Period: 20.000ns
  Min period limit: 0.480ns (2083.333MHz) (Tcp)
  Physical resource: M_patternNew_q[227]/CLK
  Logical resource: M_patternNew_q_226/CK
  Location pin: SLICE_X4Y18.CLK
  Clock network: clk_IBUF_BUFG
--------------------------------------------------------------------------------
Slack: 19.520ns (period - min period limit)
  Period: 20.000ns
  Min period limit: 0.480ns (2083.333MHz) (Tcp)
  Physical resource: M_patternNew_q[227]/CLK
  Logical resource: M_patternNew_q_227/CK
  Location pin: SLICE_X4Y18.CLK
  Clock network: clk_IBUF_BUFG
--------------------------------------------------------------------------------
Slack: 19.520ns (period - min period limit)
  Period: 20.000ns
  Min period limit: 0.480ns (2083.333MHz) (Tcp)
  Physical resource: M_patternNew_q[95]/CLK
  Logical resource: M_patternNew_q_94/CK
  Location pin: SLICE_X4Y21.CLK
  Clock network: clk_IBUF_BUFG
--------------------------------------------------------------------------------
Slack: 19.520ns (period - min period limit)
  Period: 20.000ns
  Min period limit: 0.480ns (2083.333MHz) (Tcp)
  Physical resource: M_patternNew_q[95]/CLK
  Logical resource: M_patternNew_q_95/CK
  Location pin: SLICE_X4Y21.CLK
  Clock network: clk_IBUF_BUFG
--------------------------------------------------------------------------------
Slack: 19.520ns (period - min period limit)
  Period: 20.000ns
  Min period limit: 0.480ns (2083.333MHz) (Tcp)
  Physical resource: gameLogic/M_p1PositionY_q_3_4/CLK
  Logical resource: gameLogic/M_p1PositionY_q_3_1/CK
  Location pin: SLICE_X4Y22.CLK
  Clock network: clk_IBUF_BUFG
--------------------------------------------------------------------------------
Slack: 19.520ns (period - min period limit)
  Period: 20.000ns
  Min period limit: 0.480ns (2083.333MHz) (Tcp)
  Physical resource: gameLogic/M_p1PositionY_q_3_4/CLK
  Logical resource: gameLogic/M_p1PositionY_q_3_2/CK
  Location pin: SLICE_X4Y22.CLK
  Clock network: clk_IBUF_BUFG
--------------------------------------------------------------------------------
Slack: 19.520ns (period - min period limit)
  Period: 20.000ns
  Min period limit: 0.480ns (2083.333MHz) (Tcp)
  Physical resource: gameLogic/M_p1PositionY_q_3_4/CLK
  Logical resource: gameLogic/M_p1PositionY_q_3_3/CK
  Location pin: SLICE_X4Y22.CLK
  Clock network: clk_IBUF_BUFG
--------------------------------------------------------------------------------
Slack: 19.520ns (period - min period limit)
  Period: 20.000ns
  Min period limit: 0.480ns (2083.333MHz) (Tcp)
  Physical resource: gameLogic/M_p1PositionY_q_3_4/CLK
  Logical resource: gameLogic/M_p1PositionY_q_3_4/CK
  Location pin: SLICE_X4Y22.CLK
  Clock network: clk_IBUF_BUFG
--------------------------------------------------------------------------------
Slack: 19.520ns (period - min period limit)
  Period: 20.000ns
  Min period limit: 0.480ns (2083.333MHz) (Tcp)
  Physical resource: gameLogic/M_p1PositionY_q_3_7/CLK
  Logical resource: gameLogic/M_p1PositionY_q_3_5/CK
  Location pin: SLICE_X4Y24.CLK
  Clock network: clk_IBUF_BUFG
--------------------------------------------------------------------------------
Slack: 19.520ns (period - min period limit)
  Period: 20.000ns
  Min period limit: 0.480ns (2083.333MHz) (Tcp)
  Physical resource: gameLogic/M_p1PositionY_q_3_7/CLK
  Logical resource: gameLogic/M_p1PositionY_q_3_6/CK
  Location pin: SLICE_X4Y24.CLK
  Clock network: clk_IBUF_BUFG
--------------------------------------------------------------------------------
Slack: 19.520ns (period - min period limit)
  Period: 20.000ns
  Min period limit: 0.480ns (2083.333MHz) (Tcp)
  Physical resource: gameLogic/M_p1PositionY_q_3_7/CLK
  Logical resource: gameLogic/M_p1PositionY_q_3_7/CK
  Location pin: SLICE_X4Y24.CLK
  Clock network: clk_IBUF_BUFG
--------------------------------------------------------------------------------
Slack: 19.520ns (period - min period limit)
  Period: 20.000ns
  Min period limit: 0.480ns (2083.333MHz) (Tcp)
  Physical resource: M_patternNew_q[255]/CLK
  Logical resource: M_patternNew_q_254/CK
  Location pin: SLICE_X4Y34.CLK
  Clock network: clk_IBUF_BUFG
--------------------------------------------------------------------------------
Slack: 19.520ns (period - min period limit)
  Period: 20.000ns
  Min period limit: 0.480ns (2083.333MHz) (Tcp)
  Physical resource: M_patternNew_q[255]/CLK
  Logical resource: M_patternNew_q_255/CK
  Location pin: SLICE_X4Y34.CLK
  Clock network: clk_IBUF_BUFG
--------------------------------------------------------------------------------
Slack: 19.520ns (period - min period limit)
  Period: 20.000ns
  Min period limit: 0.480ns (2083.333MHz) (Tcp)
  Physical resource: M_patternNew_q[89]/CLK
  Logical resource: M_patternNew_q_88/CK
  Location pin: SLICE_X8Y16.CLK
  Clock network: clk_IBUF_BUFG
--------------------------------------------------------------------------------
Slack: 19.520ns (period - min period limit)
  Period: 20.000ns
  Min period limit: 0.480ns (2083.333MHz) (Tcp)
  Physical resource: M_patternNew_q[89]/CLK
  Logical resource: M_patternNew_q_89/CK
  Location pin: SLICE_X8Y16.CLK
  Clock network: clk_IBUF_BUFG
--------------------------------------------------------------------------------
Slack: 19.520ns (period - min period limit)
  Period: 20.000ns
  Min period limit: 0.480ns (2083.333MHz) (Tcp)
  Physical resource: M_patternNew_q[81]/CLK
  Logical resource: M_patternNew_q_80/CK
  Location pin: SLICE_X8Y17.CLK
  Clock network: clk_IBUF_BUFG
--------------------------------------------------------------------------------
Slack: 19.520ns (period - min period limit)
  Period: 20.000ns
  Min period limit: 0.480ns (2083.333MHz) (Tcp)
  Physical resource: M_patternNew_q[81]/CLK
  Logical resource: M_patternNew_q_81/CK
  Location pin: SLICE_X8Y17.CLK
  Clock network: clk_IBUF_BUFG
--------------------------------------------------------------------------------


All constraints were met.


Data Sheet report:
-----------------
All values displayed in nanoseconds (ns)

Clock to Setup on destination clock clk
---------------+---------+---------+---------+---------+
               | Src:Rise| Src:Fall| Src:Rise| Src:Fall|
Source Clock   |Dest:Rise|Dest:Rise|Dest:Fall|Dest:Fall|
---------------+---------+---------+---------+---------+
clk            |   10.046|         |         |         |
---------------+---------+---------+---------+---------+


Timing summary:
---------------

Timing errors: 0  Score: 0  (Setup/Max: 0, Hold: 0)

Constraints cover 52209 paths, 0 nets, and 5500 connections

Design statistics:
   Minimum period:  10.046ns{1}   (Maximum frequency:  99.542MHz)


------------------------------------Footnotes-----------------------------------
1)  The minimum period statistic assumes all single cycle delays.

Analysis completed Wed Dec 07 21:47:06 2016 
--------------------------------------------------------------------------------

Trace Settings:
-------------------------
Trace Settings 

Peak Memory Usage: 243 MB



